https://ktpstudioth.com
view-source:https://ktpstudioth.com/
https://discussions.apple.com/thread/5900533
https://www.pexels.com/photo/board-bunch-cooking-food-349609/
https://fonts.google.com/?selection.family=Prompt:400,400i,500,500i|Sarabun:400,400i,600,600i
https://material.io/design/color/the-color-system.html#tools-for-picking-colors
https://forums.adobe.com/thread/2349312
https://www.google.com/search?biw=1328&bih=712&ei=jMMwXPjwEsH7rQHguaOwBQ&q=css+width+characters&oq=css+width+char&gs_l=psy-ab.3.0.0i19j0i22i30i19l9.3323.5943..6507...0.0..0.200.1763.0j13j1......0....1..gws-wiz.......0j0i71j0i67j0i131j0i22i30.HBmgl4RHH7o
https://www.w3schools.com/csSref/pr_class_cursor.asp
https://developer.mozilla.org/en-US/docs/Web/HTML/Element/input/tel
https://seven-days-song.firebaseapp.com/admin.html
https://seven-days-song.firebaseapp.com/console.html
view-source:https://seven-days-song.firebaseapp.com/console.html
view-source:https://seven-days-song.firebaseapp.com/admin.html
https://www.w3schools.com/jsref/met_his_back.asp
https://www.google.com/search?q=firebase+structure&source=lnms&tbm=isch&sa=X&ved=0ahUKEwjw65b_99TfAhVEgI8KHcVJCW4Q_AUIDigB&biw=1328&bih=761#imgrc=KD_CnOhayLzLRM:
https://www.google.com/search?ei=6b8vXPWCJ4rRvgSC2YJI&q=localStorage.clear%28%29%3B&oq=localStorage.clear%28%29%3B&gs_l=psy-ab.3..0i19l6j0i30i19j0i10i30i19j0i30i19j0i10i30i19.769.769..1181...0.0..0.124.124.0j1......0....1j2..gws-wiz.......0i71.iw_cXDK0kXg
https://www.w3schools.com/js/js_output.asp
https://teamtreehouse.com/community/typeerror-undefined-when-defining-a-variable-using-getelementbyid
https://www.w3schools.com/tags/att_button_form.asp
https://stackoverflow.com/questions/6094130/window-location-not-working-not-opening-page
https://firebase.google.com/docs/database/web/read-and-write
https://firebase.google.com/docs/database/admin/save-data
https://firebase.google.com/docs/database/admin/retrieve-data
https://stackoverflow.com/questions/23366592/delay-on-redirect-javascript
https://stackoverflow.com/questions/16876555/how-to-document-write-then-after-a-delay-document-write-again
https://stackoverflow.com/questions/6094130/window-location-not-working-not-opening-page
https://pages.github.com/
https://css-tricks.com/redirect-web-page/
https://convertico.com/
